// Vitest Snapshot v1, https://vitest.dev/guide/snapshot.html

exports[`<FooterFn /> > should match rendered 1`] = `
<footer
  data-v-20a442e6=""
>
  <h3
    data-v-20a442e6=""
  >
    Party Time Â© 2023
  </h3>
  <p
    data-v-20a442e6=""
  >
    O melhor local para compartilhar seus eventos!
  </p>
</footer>
`;
